../Core/Src/st7789.c:10:13:ST7789_Select	8	static
../Core/Src/st7789.c:14:13:ST7789_Unselect	8	static
../Core/Src/st7789.c:18:6:ST7789_WriteCommand	16	static
../Core/Src/st7789.c:25:6:ST7789_WriteData	16	static
../Core/Src/st7789.c:32:6:ST7789_SetAddressWindow	32	static
../Core/Src/st7789.c:69:6:ST7789_Init	24	static
../Core/Src/st7789.c:136:6:ST7789_FillScreen	24	static
../Core/Src/st7789.c:140:6:ST7789_DrawPixel	24	static
../Core/Src/st7789.c:149:6:ST7789_FillRectangle	32	static
../Core/Src/st7789.c:172:6:ST7789_DrawRectangle	32	static
../Core/Src/st7789.c:180:6:ST7789_DrawLine	40	static
../Core/Src/st7789.c:194:6:ST7789_DrawChar	56	static
../Core/Src/st7789.c:230:6:ST7789_DrawString	32	static
../Core/Src/st7789.c:243:6:ST7789_WriteString	32	static
../Core/Src/st7789.c:255:6:ST7789_SetRotation	24	static
../Core/Src/st7789.c:281:6:ST7789_DisplayOn	8	static
../Core/Src/st7789.c:285:6:ST7789_DisplayOff	8	static
../Core/Src/st7789.c:289:6:ST7789_SetBacklight	16	static
