../Core/Src/st7789.c:16:13:ST7789_Select	8	static
../Core/Src/st7789.c:20:13:ST7789_Unselect	8	static
../Core/Src/st7789.c:24:6:ST7789_WriteCommand	16	static
../Core/Src/st7789.c:31:6:ST7789_WriteData	16	static
../Core/Src/st7789.c:38:6:ST7789_SetAddressWindow	32	static
../Core/Src/st7789.c:70:6:ST7789_Init	24	static
../Core/Src/st7789.c:137:6:ST7789_FillScreen	24	static
../Core/Src/st7789.c:141:6:ST7789_DrawPixel	24	static
../Core/Src/st7789.c:150:6:ST7789_FillRectangle	32	static
../Core/Src/st7789.c:173:6:ST7789_DrawRectangle	32	static
../Core/Src/st7789.c:181:6:ST7789_DrawLine	40	static
../Core/Src/st7789.c:195:6:ST7789_DrawChar	40	static
../Core/Src/st7789.c:227:6:ST7789_WriteString	32	static
../Core/Src/st7789.c:239:6:ST7789_SetRotation	24	static
../Core/Src/st7789.c:265:6:ST7789_DisplayOn	8	static
../Core/Src/st7789.c:269:6:ST7789_DisplayOff	8	static
../Core/Src/st7789.c:273:6:ST7789_SetBacklight	16	static
