../Core/Src/stm32u5xx_it.c:51:6:HAL_GPIO_EXTI_Callback	16	static
../Core/Src/stm32u5xx_it.c:84:6:NMI_Handler	4	static
../Core/Src/stm32u5xx_it.c:99:6:HardFault_Handler	4	static
../Core/Src/stm32u5xx_it.c:114:6:MemManage_Handler	4	static
../Core/Src/stm32u5xx_it.c:129:6:BusFault_Handler	4	static
../Core/Src/stm32u5xx_it.c:144:6:UsageFault_Handler	4	static
../Core/Src/stm32u5xx_it.c:159:6:SVC_Handler	4	static
../Core/Src/stm32u5xx_it.c:172:6:DebugMon_Handler	4	static
../Core/Src/stm32u5xx_it.c:185:6:PendSV_Handler	4	static
../Core/Src/stm32u5xx_it.c:198:6:SysTick_Handler	4	static
../Core/Src/stm32u5xx_it.c:219:6:EXTI1_IRQHandler	8	static
../Core/Src/stm32u5xx_it.c:233:6:EXTI13_IRQHandler	8	static
../Core/Src/stm32u5xx_it.c:247:6:I2C1_EV_IRQHandler	8	static
../Core/Src/stm32u5xx_it.c:261:6:I2C1_ER_IRQHandler	8	static
../Core/Src/stm32u5xx_it.c:275:6:SPI1_IRQHandler	8	static
../Core/Src/stm32u5xx_it.c:289:6:TIM17_IRQHandler	8	static
